
[TestE2E - 1]
ID RepoID Name                    Status Patchsets User        Date
2  test   feat: lets build an rnn [open] 1         contributor 
1  test   feat: lets build an rnn [open] 1         admin       

---

[TestE2E - 2]
PR submitted! Use the ID for interacting with this PR.
Info
====
URL: https://localhost/prs/9
Repo: contributor/bin

ID Name                    Status Date
9  feat: lets build an rnn [open] 

Patchsets
====
ID    Type User        Date
ps-13      contributor 

Patches from latest patchset
====
Idx Title                   Commit  Author                   Date
0   feat: lets build an rnn 5945657 Eric Bower <me@erock.io> 

---

[TestE2E - 3]
ID RepoID           Name                       Status     Patchsets User        Date
9  contributor/bin  feat: lets build an rnn    [open]     1         contributor 
8  admin/ai         feat: lets build an rnn    [accepted] 2         contributor 
7  contributor/ai   feat: lets build an rnn    [accepted] 1         admin       
6  contributor/test Closed patch with review   [closed]   2         contributor 
5  contributor/test Accepted patch with review [accepted] 2         contributor 
4  contributor/test Reviewed patch             [reviewed] 2         contributor 
3  contributor/test Closed patch (contributor) [closed]   1         contributor 
2  contributor/test Closed patch (admin)       [closed]   1         contributor 
1  admin/test       Accepted patch             [accepted] 1         contributor 

---

[TestE2E - 4]
RepoID   PrID PatchsetID Event             Created Data
admin/ai 8    ps-11      pr_created                
admin/ai 8    ps-12      pr_patchset_added         
admin/ai 8               pr_status_changed         {"status":"accepted"}

---
